nohup: ignoring input
/home/barbienigam/miniforge3/envs/drl/lib/python3.6/site-packages/tensorflow/python/framework/dtypes.py:523: FutureWarning: Passing (type, 1) or '1type' as a synonym of type is deprecated; in a future version of numpy, it will be understood as (type, (1,)) / '(1,)type'.
  _np_qint8 = np.dtype([("qint8", np.int8, 1)])
/home/barbienigam/miniforge3/envs/drl/lib/python3.6/site-packages/tensorflow/python/framework/dtypes.py:524: FutureWarning: Passing (type, 1) or '1type' as a synonym of type is deprecated; in a future version of numpy, it will be understood as (type, (1,)) / '(1,)type'.
  _np_quint8 = np.dtype([("quint8", np.uint8, 1)])
/home/barbienigam/miniforge3/envs/drl/lib/python3.6/site-packages/tensorflow/python/framework/dtypes.py:525: FutureWarning: Passing (type, 1) or '1type' as a synonym of type is deprecated; in a future version of numpy, it will be understood as (type, (1,)) / '(1,)type'.
  _np_qint16 = np.dtype([("qint16", np.int16, 1)])
/home/barbienigam/miniforge3/envs/drl/lib/python3.6/site-packages/tensorflow/python/framework/dtypes.py:526: FutureWarning: Passing (type, 1) or '1type' as a synonym of type is deprecated; in a future version of numpy, it will be understood as (type, (1,)) / '(1,)type'.
  _np_quint16 = np.dtype([("quint16", np.uint16, 1)])
/home/barbienigam/miniforge3/envs/drl/lib/python3.6/site-packages/tensorflow/python/framework/dtypes.py:527: FutureWarning: Passing (type, 1) or '1type' as a synonym of type is deprecated; in a future version of numpy, it will be understood as (type, (1,)) / '(1,)type'.
  _np_qint32 = np.dtype([("qint32", np.int32, 1)])
/home/barbienigam/miniforge3/envs/drl/lib/python3.6/site-packages/tensorflow/python/framework/dtypes.py:532: FutureWarning: Passing (type, 1) or '1type' as a synonym of type is deprecated; in a future version of numpy, it will be understood as (type, (1,)) / '(1,)type'.
  np_resource = np.dtype([("resource", np.ubyte, 1)])
Using TensorFlow backend.
[[<Phase.E: [2]>, <Phase.W: [6]>], [<Phase.E: [2]>, <Phase.E_L: [5]>], [<Phase.W_L: [1]>, <Phase.W: [6]>], [<Phase.W_L: [1]>, <Phase.E_L: [5]>], [<Phase.NN_L: [8, 3]>, <Phase.SS_L: [4, 7]>], [<Phase.NN_L: [8, 3]>, <Phase.S: [4]>], [<Phase.NN_L: [8, 3]>, <Phase.N_L: [3]>], [<Phase.N: [8]>, <Phase.SS_L: [4, 7]>], [<Phase.N: [8]>, <Phase.S: [4]>], [<Phase.S_L: [7]>, <Phase.SS_L: [4, 7]>], [<Phase.S_L: [7]>, <Phase.N_L: [3]>]]
 Retrying in 1 seconds
***Starting server on port 58137 ***
Loading net-file from 'Data2-0/State_Street_4500_South.net.xml' ... done (2ms).
Loading additional-files from 'Data2-0/State_Street_4500_South.det.xml' ... done (12ms).
Loading done.
Simulation version 1.12.0 started with time: 0.00
0 seconds passed
5000 seconds passed
Warning: Vehicle '5441' performs emergency braking with decel=-9.00 wished=4.50 severity=1.00, time=5342.00.
Warning: Vehicle '9685' performs emergency braking with decel=-9.00 wished=4.50 severity=1.00, time=9402.00.
10000 seconds passed
Warning: Vehicle '10470' performs emergency braking with decel=-9.00 wished=4.50 severity=1.00, time=10243.00.
Warning: Vehicle '12642' performs emergency braking with decel=-9.00 wished=4.50 severity=1.00, time=12653.00.
Warning: Vehicle '14715' performs emergency braking with decel=-9.00 wished=4.50 severity=1.00, time=14979.00.
15000 seconds passed
Warning: Vehicle '14942' performs emergency braking with decel=-9.00 wished=4.50 severity=1.00, time=15227.00.
Warning: Vehicle '18227' performs emergency braking with decel=-9.00 wished=4.50 severity=1.00, time=18542.00.
20000 seconds passed
Warning: Vehicle '21831' performs emergency braking with decel=-9.00 wished=4.50 severity=1.00, time=21911.00.
Warning: Vehicle '22007' performs emergency braking with decel=-9.00 wished=4.50 severity=1.00, time=22037.00.
25000 seconds passed
Warning: Vehicle '26677' performs emergency braking with decel=-9.00 wished=4.50 severity=1.00, time=26158.00.
30000 seconds passed
Warning: Vehicle '31755' performs emergency braking with decel=-9.00 wished=4.50 severity=1.00, time=30773.00.
35000 seconds passed
Warning: Vehicle '37987' performs emergency braking with decel=-9.00 wished=4.50 severity=1.00, time=35633.00.
Warning: Vehicle '39508' performs emergency braking with decel=-9.00 wished=4.50 severity=1.00, time=36678.00.
40000 seconds passed
Warning: Vehicle '48140' performs emergency braking with decel=-9.00 wished=4.50 severity=1.00, time=43570.00.
Warning: Vehicle '49373' performs emergency braking with decel=-9.00 wished=4.50 severity=1.00, time=44848.00.
45000 seconds passed
50000 seconds passed
55000 seconds passed
Simulation ended at time: 55001.00
Reason: TraCI requested termination.
Performance: 
 Duration: 1503.73s
 TraCI-Duration: 1436.05s
 Real time factor: 36.5763
 UPS: 5838.794627
Vehicles: 
 Inserted: 53687
 Running: 0
 Waiting: 0

2-0 Completed iteration trips 53687 loss 47.320314415035945 steps 55001 rush 76.74841429699846 dead 27.562831753554477
